Reading symbols from /Users/rsp_kesumo/00_Firmware/USB_Host_Dev/reference/AmeNote_Protozoa/build/UUT_FreeRTOS/USB_MIDI_Echo/UUT_USB_MIDI_ECHO.elf...
Remote debugging using localhost:3334
vTaskSwitchContext ()
    at /Users/rsp_kesumo/00_Firmware/USB_Host_Dev/reference/AmeNote_Protozoa/lib/FreeRTOS-Kernel/tasks.c:5146
5146	            taskCHECK_FOR_STACK_OVERFLOW();
[rp2040.core0] halted due to debug-request, current mode: Thread 
xPSR: 0xf1000000 pc: 0x000000ee msp: 0x20041f00
[rp2040.core1] halted due to debug-request, current mode: Thread 
xPSR: 0xf1000000 pc: 0x000000ee msp: 0x20041f00
Loading section .boot2, size 0x100 lma 0x10000000
Loading section .text, size 0xa2a0 lma 0x10000100
Loading section .rodata, size 0x938 lma 0x1000a3a0
Loading section .ARM.exidx, size 0x8 lma 0x1000acd8
Loading section .binary_info, size 0x28 lma 0x1000ace0
Loading section .data, size 0x16f4 lma 0x1000ad08
Start address 0x100001e8, load size 50172
Transfer rate: 11 KB/sec, 6271 bytes/write.
[rp2040.core0] halted due to debug-request, current mode: Thread 
xPSR: 0xf1000000 pc: 0x000000ee msp: 0x20041f00
[rp2040.core1] halted due to debug-request, current mode: Thread 
xPSR: 0xf1000000 pc: 0x000000ee msp: 0x20041f00
Breakpoint 1 at 0x100002f8: file /Users/rsp_kesumo/00_Firmware/USB_Host_Dev/reference/AmeNote_Protozoa/UUT_FreeRTOS/USB_MIDI_Echo/main.c, line 168.
Note: automatically using hardware breakpoints for read-only addresses.
Continuing.

Breakpoint 1, main ()
    at /Users/rsp_kesumo/00_Firmware/USB_Host_Dev/reference/AmeNote_Protozoa/UUT_FreeRTOS/USB_MIDI_Echo/main.c:168
168	    stdio_init_all();
USB_BUS_CHECK:
0
Removed 1 entry/entries across all stores, CoreMIDI restarted.
Detaching from program: /Users/rsp_kesumo/00_Firmware/USB_Host_Dev/reference/AmeNote_Protozoa/build/UUT_FreeRTOS/USB_MIDI_Echo/UUT_USB_MIDI_ECHO.elf, Remote target
[Inferior 1 (Remote target) detached]
